1.111,1.123,1.321,2.222,2.345,2.543,3.333,3.456,3.654,4.444,4.567,4.765,5.111,5.555,5.678,5.876,6.666,7.777