-50,-25,-15,-10,-9,-9,-8,-7,-6,-5,-5,-4,-4,-3,-3,-2,-1,-1,0,1,2,2,3,3,4,5,6,6,7,7,8,9,9,10,10,12,15,15,25,50