Fulano 444.44
Fulana 111.11
Inexistente
Inexistente
