Ok
Ok
1 - Nescrau100g - 10.01
2 - ArrozTiozao1Kg - 5.90
Fim
