Ok
Ok
Ok
Ok
123
produto1
1.83
Ok
321
produto3
0.33
Erro
Ok
456
produto2
0.10
Fim
