Ok
Ok
Ok
Ok
Erro
123 - produto1 - 1.83
321 - produto3 - 0.33
Fim
