Ok
Ok
Ok
Duplicado
1 - p1 - 1.11
2 - p2 - 2.22
3 - p3 - 3.33
Fim
