One Um 3 5
Two Dois 2 2
Four Quatro 2 4
Five Cinco 3 3
