testeOneteste Um 3 5
testeTwoteste Dois 2 2
testeFourteste Quatro 2 4
testeFiveteste Cinco 3 3
Um One 4 2
Dois Two 5 2
<x> 3 5
<x> 2 5
