One Um 3 5
Two Dois 2 2
Four Quatro 2 4
Five Cinco 3 3
Um One 4 2
Dois Two 5 2
<x> 3 5
<x> 2 5
