The O 3 3
Book Livro 2 1
Is Esta 1 2
On Sobre 3 5
The O 3 3
Table Mesa 2 4
<x> 2 5
<x> 5 2
Livro Book 2 1
Esta Is 1 2
Sobre On 4 3
<x> 5 2
<x> 5 2
Mesa Table 3 3
